// Jest Snapshot v1, https://goo.gl/fbAQLP

exports[`should  1`] = `
<div>
  <h1
    class="app-title"
  >
    <span>
      appTitle
    </span>
  </h1>
</div>
`;
